// Jest Snapshot v1, https://goo.gl/fbAQLP

exports[`Pruebas en <GifExpertApp/> Debe hacer match con el Snapshot 1`] = `
<div>
  <h3>
     RTP 
  </h3>
  <h1>
     Gif Search APP 
  </h1>
  <form
    aria-label="form"
  >
    <input
      placeholder="Buscar gifs"
      type="text"
      value=""
    />
  </form>
  <h3 />
  <h2>
    Cargando...
  </h2>
  <div
    class="card-grid"
  />
</div>
`;
